toothbrush                          0.99
toothbrush                          0.99
toothpaste                          1.79
bundle 10% (toothbrush-toothpaste) -0.28

Total:                              3.49